<!doctype html public "-//w3c//dtd html 4.0 transitional//en">
<html><head>
<title>Static Call Graph - [.\Objects\hw1.axf]</title></head>
<body><HR>
<H1>Static Call Graph for image .\Objects\hw1.axf</H1><HR>
<BR><P>#&#060CALLGRAPH&#062# ARM Linker, 6140101: Last Updated: Fri Feb 19 04:42:53 2021
<BR><P>
<H3>Maximum Stack Usage =          0 bytes + Unknown(Untraceable Function Pointers)</H3><H3>
Call chain for Maximum Stack Depth:</H3>

<P>
<H3>
Function Pointers
</H3><UL>
 <LI><a href="#[0]">Reset_Handler</a> from main.o(RESET) referenced from main.o(RESET)
</UL>
<P>
<H3>
Global Symbols
</H3>
<P><STRONG><a name="[0]"></a>Reset_Handler</STRONG> (Thumb, 10 bytes, Stack size 0 bytes, main.o(RESET))
<BR><BR>[Calls]<UL><LI><a href="#[1]">&gt;&gt;</a>&nbsp;&nbsp;&nbsp;read_temp
</UL>
<BR>[Address Reference Count : 1]<UL><LI> main.o(RESET)
</UL><P>
<H3>
Local Symbols
</H3>
<P><STRONG><a name="[1]"></a>read_temp</STRONG> (Thumb, 42 bytes, Stack size 0 bytes, main.o(RESET))
<BR><BR>[Calls]<UL><LI><a href="#[4]">&gt;&gt;</a>&nbsp;&nbsp;&nbsp;convert_to_fixed_point
<LI><a href="#[3]">&gt;&gt;</a>&nbsp;&nbsp;&nbsp;round_up
<LI><a href="#[2]">&gt;&gt;</a>&nbsp;&nbsp;&nbsp;split_number
</UL>
<BR>[Called By]<UL><LI><a href="#[0]">&gt;&gt;</a>&nbsp;&nbsp;&nbsp;Reset_Handler
</UL>

<P><STRONG><a name="[2]"></a>split_number</STRONG> (Thumb, 24 bytes, Stack size 0 bytes, main.o(RESET))
<BR><BR>[Called By]<UL><LI><a href="#[1]">&gt;&gt;</a>&nbsp;&nbsp;&nbsp;read_temp
</UL>

<P><STRONG><a name="[3]"></a>round_up</STRONG> (Thumb, 14 bytes, Stack size 0 bytes, main.o(RESET))
<BR><BR>[Called By]<UL><LI><a href="#[1]">&gt;&gt;</a>&nbsp;&nbsp;&nbsp;read_temp
</UL>

<P><STRONG><a name="[4]"></a>convert_to_fixed_point</STRONG> (Thumb, 66 bytes, Stack size 0 bytes, main.o(RESET))
<BR><BR>[Called By]<UL><LI><a href="#[1]">&gt;&gt;</a>&nbsp;&nbsp;&nbsp;read_temp
</UL>
<P>
<H3>
Undefined Global Symbols
</H3><HR></body></html>
