Component: ARM Compiler 6.14.1 Tool: armlink [5db06d00]

==============================================================================

Section Cross References



==============================================================================

Image Symbol Table

    Local Symbols

    Symbol Name                              Value     Ov Type        Size  Object(Section)

    config.s                                 0x00000000   Number         0  config.o ABSOLUTE
    main.s                                   0x00000000   Number         0  main.o ABSOLUTE
    stm32f10x.s                              0x00000000   Number         0  stm32f10x.o ABSOLUTE
    RESET                                    0x08000000   Section      164  main.o(RESET)
    read_temp                                0x08000013   Thumb Code    42  main.o(RESET)
    split_number                             0x0800003d   Thumb Code    24  main.o(RESET)
    round_up                                 0x08000055   Thumb Code    14  main.o(RESET)
    convert_to_fixed_point                   0x08000063   Thumb Code    66  main.o(RESET)

    Global Symbols

    Symbol Name                              Value     Ov Type        Size  Object(Section)

    BuildAttributes$$THM_ISAv4$P$D$K$B$S$A:L22UL41UL21$X:L11$S22US41US21$IEEE1$~IW$USESV6$~STKCKD$USESV7$~SHL$OSPACE$EBA8$STANDARDLIB$PRES8$EABIv2 0x00000000   Number         0  anon$$obj.o ABSOLUTE
    Reset_Handler                            0x08000009   Thumb Code    10  main.o(RESET)



==============================================================================

Memory Map of the image

  Image Entry point : 0x08000009

  Load Region LR_1 (Base: 0x08000000, Size: 0x000000a4, Max: 0xffffffff, ABSOLUTE)

    Execution Region ER_RO (Exec base: 0x08000000, Load base: 0x08000000, Size: 0x000000a4, Max: 0xffffffff, ABSOLUTE)

    Exec Addr    Load Addr    Size         Type   Attr      Idx    E Section Name        Object

    0x08000000   0x08000000   0x000000a4   Code   RO            1  * RESET               main.o


    Execution Region ER_RW (Exec base: 0x20000000, Load base: 0x080000a4, Size: 0x00000000, Max: 0xffffffff, ABSOLUTE)

    **** No section assigned to this execution region ****


    Execution Region ER_ZI (Exec base: 0x20000000, Load base: 0x080000a4, Size: 0x00000000, Max: 0xffffffff, ABSOLUTE)

    **** No section assigned to this execution region ****


==============================================================================

Image component sizes


      Code (inc. data)   RO Data    RW Data    ZI Data      Debug   Object Name

       164          8          0          0          0        500   main.o

    ----------------------------------------------------------------------
       164          8          0          0          0        500   Object Totals
         0          0          0          0          0          0   (incl. Generated)
         0          0          0          0          0          0   (incl. Padding)

    ----------------------------------------------------------------------
         0          0          0          0          0          0   Library Totals
         0          0          0          0          0          0   (incl. Padding)

    ----------------------------------------------------------------------

==============================================================================


      Code (inc. data)   RO Data    RW Data    ZI Data      Debug   

       164          8          0          0          0        500   Grand Totals
       164          8          0          0          0        500   ELF Image Totals
       164          8          0          0          0          0   ROM Totals

==============================================================================

    Total RO  Size (Code + RO Data)                  164 (   0.16kB)
    Total RW  Size (RW Data + ZI Data)                 0 (   0.00kB)
    Total ROM Size (Code + RO Data + RW Data)        164 (   0.16kB)

==============================================================================

