Component: ARM Compiler 6.14.1 Tool: armlink [5db06d00]

==============================================================================

Section Cross References



==============================================================================

Image Symbol Table

    Local Symbols

    Symbol Name                              Value     Ov Type        Size  Object(Section)

    config.s                                 0x00000000   Number         0  config.o ABSOLUTE
    main.s                                   0x00000000   Number         0  main.o ABSOLUTE
    stm32f10x.s                              0x00000000   Number         0  stm32f10x.o ABSOLUTE
    RESET                                    0x08000000   Section      422  main.o(RESET)
    delay                                    0x080000bd   Thumb Code    20  main.o(RESET)
    check_button                             0x080000d1   Thumb Code    16  main.o(RESET)
    split_number                             0x080000e1   Thumb Code    14  main.o(RESET)
    button_delay                             0x080000ef   Thumb Code    14  main.o(RESET)
    print_number                             0x080000fd   Thumb Code   170  main.o(RESET)

    Global Symbols

    Symbol Name                              Value     Ov Type        Size  Object(Section)

    BuildAttributes$$THM_ISAv4$P$D$K$B$S$A:L22UL41UL21$X:L11$S22US41US21$IEEE1$~IW$USESV6$~STKCKD$USESV7$~SHL$OSPACE$EBA8$STANDARDLIB$PRES8$EABIv2 0x00000000   Number         0  anon$$obj.o ABSOLUTE
    Reset_Handler                            0x08000009   Thumb Code   180  main.o(RESET)



==============================================================================

Memory Map of the image

  Image Entry point : 0x08000009

  Load Region LR_1 (Base: 0x08000000, Size: 0x000001a8, Max: 0xffffffff, ABSOLUTE)

    Execution Region ER_RO (Exec base: 0x08000000, Load base: 0x08000000, Size: 0x000001a8, Max: 0xffffffff, ABSOLUTE)

    Exec Addr    Load Addr    Size         Type   Attr      Idx    E Section Name        Object

    0x08000000   0x08000000   0x000001a6   Code   RO            1  * RESET               main.o


    Execution Region ER_RW (Exec base: 0x20000000, Load base: 0x080001a8, Size: 0x00000000, Max: 0xffffffff, ABSOLUTE)

    **** No section assigned to this execution region ****


    Execution Region ER_ZI (Exec base: 0x20000000, Load base: 0x080001a8, Size: 0x00000000, Max: 0xffffffff, ABSOLUTE)

    **** No section assigned to this execution region ****


==============================================================================

Image component sizes


      Code (inc. data)   RO Data    RW Data    ZI Data      Debug   Object Name

       422          8          0          0          0        616   main.o

    ----------------------------------------------------------------------
       424          8          0          0          0        616   Object Totals
         0          0          0          0          0          0   (incl. Generated)
         2          0          0          0          0          0   (incl. Padding)

    ----------------------------------------------------------------------
         0          0          0          0          0          0   Library Totals
         0          0          0          0          0          0   (incl. Padding)

    ----------------------------------------------------------------------

==============================================================================


      Code (inc. data)   RO Data    RW Data    ZI Data      Debug   

       424          8          0          0          0        616   Grand Totals
       424          8          0          0          0        616   ELF Image Totals
       424          8          0          0          0          0   ROM Totals

==============================================================================

    Total RO  Size (Code + RO Data)                  424 (   0.41kB)
    Total RW  Size (RW Data + ZI Data)                 0 (   0.00kB)
    Total ROM Size (Code + RO Data + RW Data)        424 (   0.41kB)

==============================================================================

